2026-01-08 09:23:20,846 - INFO - 日志文件保存位置: G:\Navigation_Learn\GNSS\RTKLIB-b34k\batch_process\log\batch_process_20260108_092320.log
2026-01-08 09:23:20,858 - INFO - 批处理任务开始执行
2026-01-08 09:23:20,858 - INFO - 当前工作目录 (Data Root): G:\Navigation_Learn\GNSS\RTKLIB-b34k\data\GNSS_INS
2026-01-08 09:23:20,859 - INFO - 解算程序路径 (EXE Path):  G:\Navigation_Learn\GNSS\RTKLIB-b34k\build\Bin\GINSLIB.exe
2026-01-08 09:23:20,859 - INFO - ------------------------------------------------------------
2026-01-08 09:23:20,860 - INFO - 共 41 个数据任务，开始批处理...
2026-01-08 09:23:20,860 - INFO - 第 35 个任务: KVH1750_Vehicle_complex_20210715
2026-01-08 09:23:20,860 - INFO - - 路径: G:\Navigation_Learn\GNSS\RTKLIB-b34k\data\GNSS_INS\KVH1750_Vehicle_complex_20210715
2026-01-08 09:23:20,861 - INFO - - 配置: KVH1750_Vehicle_complex_20210715.conf
2026-01-08 09:23:27,352 - INFO - [GINSLIB] no station position: 842 G:\Navigation_Learn\GNSS\RTKLIB-b34k\data\GNSS_INS\KVH1750_Vehicle_complex_20210715\.\products\stations.pos
2026-01-08 09:23:27,352 - INFO - [GINSLIB] error : no position of 842 in G:\Navigation_Learn\GNSS\RTKLIB-b34k\data\GNSS_INS\KVH1750_Vehicle_complex_20210715\.\products\stations.pos
2026-01-08 09:23:27,352 - INFO - [GINSLIB] Total processing time of program: 6.417000 sec!
2026-01-08 09:23:27,375 - INFO - ✓ KVH1750_Vehicle_complex_20210715 PPD 执行成功
2026-01-08 09:23:27,375 - WARNING - 结果文件不存在，跳过误差分析: G:\Navigation_Learn\GNSS\RTKLIB-b34k\data\GNSS_INS\KVH1750_Vehicle_complex_20210715\result\GNSS_Vehicle_complex_20210715_PPD_F.pos
2026-01-08 09:23:39,559 - INFO - [GINSLIB] warning: IMU measurement output is zero: G:\Navigation_Learn\GNSS\RTKLIB-b34k\data\GNSS_INS\KVH1750_Vehicle_complex_20210715\KVH1750.txt, week=2166, sec=377122.9097!
2026-01-08 09:23:39,560 - INFO - [GINSLIB] warning: IMU measurement output is zero: G:\Navigation_Learn\GNSS\RTKLIB-b34k\data\GNSS_INS\KVH1750_Vehicle_complex_20210715\KVH1750.txt, week=2166, sec=377123.5797!
2026-01-08 09:23:39,560 - INFO - [GINSLIB] warning: IMU measurement output is zero: G:\Navigation_Learn\GNSS\RTKLIB-b34k\data\GNSS_INS\KVH1750_Vehicle_complex_20210715\KVH1750.txt, week=2166, sec=377124.9297!
2026-01-08 09:23:39,560 - INFO - [GINSLIB] warning: IMU measurement output is zero: G:\Navigation_Learn\GNSS\RTKLIB-b34k\data\GNSS_INS\KVH1750_Vehicle_complex_20210715\KVH1750.txt, week=2166, sec=377128.5397!
2026-01-08 09:23:39,561 - INFO - [GINSLIB] warning: IMU measurement output is zero: G:\Navigation_Learn\GNSS\RTKLIB-b34k\data\GNSS_INS\KVH1750_Vehicle_complex_20210715\KVH1750.txt, week=2166, sec=377136.9047!
2026-01-08 09:23:39,561 - INFO - [GINSLIB] warning: IMU measurement output is zero: G:\Navigation_Learn\GNSS\RTKLIB-b34k\data\GNSS_INS\KVH1750_Vehicle_complex_20210715\KVH1750.txt, week=2166, sec=377168.6397!
2026-01-08 09:23:39,561 - INFO - [GINSLIB] warning: IMU measurement output is zero: G:\Navigation_Learn\GNSS\RTKLIB-b34k\data\GNSS_INS\KVH1750_Vehicle_complex_20210715\KVH1750.txt, week=2166, sec=377170.4797!
2026-01-08 09:23:39,561 - INFO - [GINSLIB] warning: IMU measurement output is zero: G:\Navigation_Learn\GNSS\RTKLIB-b34k\data\GNSS_INS\KVH1750_Vehicle_complex_20210715\KVH1750.txt, week=2166, sec=377182.6247!
2026-01-08 09:23:39,561 - INFO - [GINSLIB] warning: IMU measurement output is zero: G:\Navigation_Learn\GNSS\RTKLIB-b34k\data\GNSS_INS\KVH1750_Vehicle_complex_20210715\KVH1750.txt, week=2166, sec=377189.2347!
2026-01-08 09:23:39,562 - INFO - [GINSLIB] warning: IMU measurement output is zero: G:\Navigation_Learn\GNSS\RTKLIB-b34k\data\GNSS_INS\KVH1750_Vehicle_complex_20210715\KVH1750.txt, week=2166, sec=377214.0997!
2026-01-08 09:23:39,562 - INFO - [GINSLIB] warning: IMU measurement output is zero: G:\Navigation_Learn\GNSS\RTKLIB-b34k\data\GNSS_INS\KVH1750_Vehicle_complex_20210715\KVH1750.txt, week=2166, sec=377221.0197!
2026-01-08 09:23:39,562 - INFO - [GINSLIB] warning: IMU measurement output is zero: G:\Navigation_Learn\GNSS\RTKLIB-b34k\data\GNSS_INS\KVH1750_Vehicle_complex_20210715\KVH1750.txt, week=2166, sec=377222.0947!
2026-01-08 09:23:39,562 - INFO - [GINSLIB] warning: IMU measurement output is zero: G:\Navigation_Learn\GNSS\RTKLIB-b34k\data\GNSS_INS\KVH1750_Vehicle_complex_20210715\KVH1750.txt, week=2166, sec=377224.4247!
2026-01-08 09:23:39,562 - INFO - [GINSLIB] warning: IMU measurement output is zero: G:\Navigation_Learn\GNSS\RTKLIB-b34k\data\GNSS_INS\KVH1750_Vehicle_complex_20210715\KVH1750.txt, week=2166, sec=377226.4597!
2026-01-08 09:23:39,563 - INFO - [GINSLIB] warning: IMU measurement output is zero: G:\Navigation_Learn\GNSS\RTKLIB-b34k\data\GNSS_INS\KVH1750_Vehicle_complex_20210715\KVH1750.txt, week=2166, sec=377226.7947!
2026-01-08 09:23:39,563 - INFO - [GINSLIB] warning: IMU measurement output is zero: G:\Navigation_Learn\GNSS\RTKLIB-b34k\data\GNSS_INS\KVH1750_Vehicle_complex_20210715\KVH1750.txt, week=2166, sec=377227.8697!
2026-01-08 09:23:39,563 - INFO - [GINSLIB] warning: IMU measurement output is zero: G:\Navigation_Learn\GNSS\RTKLIB-b34k\data\GNSS_INS\KVH1750_Vehicle_complex_20210715\KVH1750.txt, week=2166, sec=377229.9697!
2026-01-08 09:23:39,563 - INFO - [GINSLIB] warning: IMU measurement output is zero: G:\Navigation_Learn\GNSS\RTKLIB-b34k\data\GNSS_INS\KVH1750_Vehicle_complex_20210715\KVH1750.txt, week=2166, sec=378242.3797!
2026-01-08 09:23:39,563 - INFO - [GINSLIB] warning: IMU measurement output is zero: G:\Navigation_Learn\GNSS\RTKLIB-b34k\data\GNSS_INS\KVH1750_Vehicle_complex_20210715\KVH1750.txt, week=2166, sec=379547.4897!
2026-01-08 09:23:39,564 - INFO - [GINSLIB] warning: IMU measurement output is zero: G:\Navigation_Learn\GNSS\RTKLIB-b34k\data\GNSS_INS\KVH1750_Vehicle_complex_20210715\KVH1750.txt, week=2166, sec=380262.2747!
2026-01-08 09:23:39,564 - INFO - [GINSLIB] warning: IMU measurement output is zero: G:\Navigation_Learn\GNSS\RTKLIB-b34k\data\GNSS_INS\KVH1750_Vehicle_complex_20210715\KVH1750.txt, week=2166, sec=380872.7497!
2026-01-08 09:23:39,564 - INFO - [GINSLIB] warning: IMU measurement output is zero: G:\Navigation_Learn\GNSS\RTKLIB-b34k\data\GNSS_INS\KVH1750_Vehicle_complex_20210715\KVH1750.txt, week=2166, sec=380919.4147!
2026-01-08 09:23:39,564 - INFO - [GINSLIB] warning: IMU measurement output is zero: G:\Navigation_Learn\GNSS\RTKLIB-b34k\data\GNSS_INS\KVH1750_Vehicle_complex_20210715\KVH1750.txt, week=2166, sec=381103.9897!
2026-01-08 09:23:39,564 - INFO - [GINSLIB] warning: IMU measurement output is zero: G:\Navigation_Learn\GNSS\RTKLIB-b34k\data\GNSS_INS\KVH1750_Vehicle_complex_20210715\KVH1750.txt, week=2166, sec=381612.5647!
2026-01-08 09:23:42,388 - INFO - [GINSLIB] warning: IMU measurement output is zero: G:\Navigation_Learn\GNSS\RTKLIB-b34k\data\GNSS_INS\KVH1750_Vehicle_complex_20210715\KVH1750.txt, week=2166, sec=381613.7797!
2026-01-08 09:23:42,389 - INFO - [GINSLIB] warning: IMU measurement output is zero: G:\Navigation_Learn\GNSS\RTKLIB-b34k\data\GNSS_INS\KVH1750_Vehicle_complex_20210715\KVH1750.txt, week=2166, sec=381671.8697!
2026-01-08 09:23:42,389 - INFO - [GINSLIB] warning: IMU measurement output is zero: G:\Navigation_Learn\GNSS\RTKLIB-b34k\data\GNSS_INS\KVH1750_Vehicle_complex_20210715\KVH1750.txt, week=2166, sec=381673.4397!
2026-01-08 09:23:42,389 - INFO - [GINSLIB] warning: IMU measurement output is zero: G:\Navigation_Learn\GNSS\RTKLIB-b34k\data\GNSS_INS\KVH1750_Vehicle_complex_20210715\KVH1750.txt, week=2166, sec=382053.9097!
2026-01-08 09:23:42,389 - INFO - [GINSLIB] warning: IMU measurement output is zero: G:\Navigation_Learn\GNSS\RTKLIB-b34k\data\GNSS_INS\KVH1750_Vehicle_complex_20210715\KVH1750.txt, week=2166, sec=383340.2297!
2026-01-08 09:23:42,389 - INFO - [GINSLIB] warning: IMU measurement output is zero: G:\Navigation_Learn\GNSS\RTKLIB-b34k\data\GNSS_INS\KVH1750_Vehicle_complex_20210715\KVH1750.txt, week=2166, sec=383363.6597!
2026-01-08 09:23:42,389 - INFO - [GINSLIB] warning: IMU measurement output is zero: G:\Navigation_Learn\GNSS\RTKLIB-b34k\data\GNSS_INS\KVH1750_Vehicle_complex_20210715\KVH1750.txt, week=2166, sec=383721.6347!
2026-01-08 09:23:42,390 - INFO - [GINSLIB] warning: IMU measurement output is zero: G:\Navigation_Learn\GNSS\RTKLIB-b34k\data\GNSS_INS\KVH1750_Vehicle_complex_20210715\KVH1750.txt, week=2166, sec=383722.1247!
2026-01-08 09:23:42,390 - INFO - [GINSLIB] warning: IMU measurement output is zero: G:\Navigation_Learn\GNSS\RTKLIB-b34k\data\GNSS_INS\KVH1750_Vehicle_complex_20210715\KVH1750.txt, week=2166, sec=383722.4447!
2026-01-08 09:23:42,390 - INFO - [GINSLIB] warning: IMU measurement output is zero: G:\Navigation_Learn\GNSS\RTKLIB-b34k\data\GNSS_INS\KVH1750_Vehicle_complex_20210715\KVH1750.txt, week=2166, sec=383730.8297!
2026-01-08 09:23:42,390 - INFO - [GINSLIB] warning: IMU measurement output is zero: G:\Navigation_Learn\GNSS\RTKLIB-b34k\data\GNSS_INS\KVH1750_Vehicle_complex_20210715\KVH1750.txt, week=2166, sec=383767.6197!
2026-01-08 09:23:42,390 - INFO - [GINSLIB] warning: IMU measurement output is zero: G:\Navigation_Learn\GNSS\RTKLIB-b34k\data\GNSS_INS\KVH1750_Vehicle_complex_20210715\KVH1750.txt, week=2166, sec=383769.5847!
2026-01-08 09:23:42,390 - INFO - [GINSLIB] warning: IMU measurement output is zero: G:\Navigation_Learn\GNSS\RTKLIB-b34k\data\GNSS_INS\KVH1750_Vehicle_complex_20210715\KVH1750.txt, week=2166, sec=383771.7147!
2026-01-08 09:23:42,390 - INFO - [GINSLIB] warning: IMU measurement output is zero: G:\Navigation_Learn\GNSS\RTKLIB-b34k\data\GNSS_INS\KVH1750_Vehicle_complex_20210715\KVH1750.txt, week=2166, sec=383771.9197!
2026-01-08 09:23:42,391 - INFO - [GINSLIB] warning: IMU measurement output is zero: G:\Navigation_Learn\GNSS\RTKLIB-b34k\data\GNSS_INS\KVH1750_Vehicle_complex_20210715\KVH1750.txt, week=2166, sec=383776.1547!
2026-01-08 09:23:42,391 - INFO - [GINSLIB] warning: IMU measurement output is zero: G:\Navigation_Learn\GNSS\RTKLIB-b34k\data\GNSS_INS\KVH1750_Vehicle_complex_20210715\KVH1750.txt, week=2166, sec=383776.5097!
2026-01-08 09:23:42,391 - INFO - [GINSLIB] warning: IMU measurement output is zero: G:\Navigation_Learn\GNSS\RTKLIB-b34k\data\GNSS_INS\KVH1750_Vehicle_complex_20210715\KVH1750.txt, week=2166, sec=383776.5447!
2026-01-08 09:23:42,391 - INFO - [GINSLIB] warning: IMU measurement output is zero: G:\Navigation_Learn\GNSS\RTKLIB-b34k\data\GNSS_INS\KVH1750_Vehicle_complex_20210715\KVH1750.txt, week=2166, sec=383807.3947!
2026-01-08 09:23:42,391 - INFO - [GINSLIB] warning: IMU measurement output is zero: G:\Navigation_Learn\GNSS\RTKLIB-b34k\data\GNSS_INS\KVH1750_Vehicle_complex_20210715\KVH1750.txt, week=2166, sec=383838.5047!
2026-01-08 09:23:42,391 - INFO - [GINSLIB] warning: IMU measurement output is zero: G:\Navigation_Learn\GNSS\RTKLIB-b34k\data\GNSS_INS\KVH1750_Vehicle_complex_20210715\KVH1750.txt, week=2166, sec=383841.8597!
2026-01-08 09:23:42,391 - INFO - [GINSLIB] warning: IMU measurement output is zero: G:\Navigation_Learn\GNSS\RTKLIB-b34k\data\GNSS_INS\KVH1750_Vehicle_complex_20210715\KVH1750.txt, week=2166, sec=383842.0647!
2026-01-08 09:23:42,392 - INFO - [GINSLIB] warning: IMU measurement output is zero: G:\Navigation_Learn\GNSS\RTKLIB-b34k\data\GNSS_INS\KVH1750_Vehicle_complex_20210715\KVH1750.txt, week=2166, sec=383842.5497!
2026-01-08 09:23:42,392 - INFO - [GINSLIB] warning: IMU measurement output is zero: G:\Navigation_Learn\GNSS\RTKLIB-b34k\data\GNSS_INS\KVH1750_Vehicle_complex_20210715\KVH1750.txt, week=2166, sec=383847.9997!
2026-01-08 09:23:42,392 - INFO - [GINSLIB] warning: IMU measurement output is zero: G:\Navigation_Learn\GNSS\RTKLIB-b34k\data\GNSS_INS\KVH1750_Vehicle_complex_20210715\KVH1750.txt, week=2166, sec=383852.0797!
2026-01-08 09:23:42,392 - INFO - [GINSLIB] warning: IMU measurement output is zero: G:\Navigation_Learn\GNSS\RTKLIB-b34k\data\GNSS_INS\KVH1750_Vehicle_complex_20210715\KVH1750.txt, week=2166, sec=383852.5147!
2026-01-08 09:23:42,460 - INFO - [GINSLIB] warning: IMU measurement output is zero: G:\Navigation_Learn\GNSS\RTKLIB-b34k\data\GNSS_INS\KVH1750_Vehicle_complex_20210715\KVH1750.txt, week=2166, sec=383859.4747!
2026-01-08 09:23:42,460 - INFO - [GINSLIB] warning: IMU measurement output is zero: G:\Navigation_Learn\GNSS\RTKLIB-b34k\data\GNSS_INS\KVH1750_Vehicle_complex_20210715\KVH1750.txt, week=2166, sec=383865.0347!
2026-01-08 09:23:42,460 - INFO - [GINSLIB] warning: IMU measurement output is zero: G:\Navigation_Learn\GNSS\RTKLIB-b34k\data\GNSS_INS\KVH1750_Vehicle_complex_20210715\KVH1750.txt, week=2166, sec=383866.8897!
2026-01-08 09:23:42,461 - INFO - [GINSLIB] warning: IMU measurement output is zero: G:\Navigation_Learn\GNSS\RTKLIB-b34k\data\GNSS_INS\KVH1750_Vehicle_complex_20210715\KVH1750.txt, week=2166, sec=383866.9897!
2026-01-08 09:23:42,461 - INFO - [GINSLIB] warning: IMU measurement output is zero: G:\Navigation_Learn\GNSS\RTKLIB-b34k\data\GNSS_INS\KVH1750_Vehicle_complex_20210715\KVH1750.txt, week=2166, sec=383871.0447!
2026-01-08 09:23:42,461 - INFO - [GINSLIB] warning: IMU measurement output is zero: G:\Navigation_Learn\GNSS\RTKLIB-b34k\data\GNSS_INS\KVH1750_Vehicle_complex_20210715\KVH1750.txt, week=2166, sec=383873.4297!
2026-01-08 09:23:42,461 - INFO - [GINSLIB] warning: IMU measurement output is zero: G:\Navigation_Learn\GNSS\RTKLIB-b34k\data\GNSS_INS\KVH1750_Vehicle_complex_20210715\KVH1750.txt, week=2166, sec=383873.6747!
2026-01-08 09:23:42,461 - INFO - [GINSLIB] no station position: 842 G:\Navigation_Learn\GNSS\RTKLIB-b34k\data\GNSS_INS\KVH1750_Vehicle_complex_20210715\.\products\stations.pos
2026-01-08 09:23:42,461 - INFO - [GINSLIB] error : no position of 842 in G:\Navigation_Learn\GNSS\RTKLIB-b34k\data\GNSS_INS\KVH1750_Vehicle_complex_20210715\.\products\stations.pos
2026-01-08 09:23:42,461 - INFO - [GINSLIB] Total processing time of program: 15.056000 sec!
2026-01-08 09:23:42,498 - INFO - ✓ KVH1750_Vehicle_complex_20210715 PPD LC 执行成功
2026-01-08 09:23:42,498 - WARNING - 结果文件不存在，跳过误差分析: G:\Navigation_Learn\GNSS\RTKLIB-b34k\data\GNSS_INS\KVH1750_Vehicle_complex_20210715\result\KVH1750_Vehicle_complex_20210715_PPD_F_LC.pos
2026-01-08 09:23:54,768 - INFO - [GINSLIB] warning: IMU measurement output is zero: G:\Navigation_Learn\GNSS\RTKLIB-b34k\data\GNSS_INS\KVH1750_Vehicle_complex_20210715\KVH1750.txt, week=2166, sec=377122.9097!
2026-01-08 09:23:54,768 - INFO - [GINSLIB] warning: IMU measurement output is zero: G:\Navigation_Learn\GNSS\RTKLIB-b34k\data\GNSS_INS\KVH1750_Vehicle_complex_20210715\KVH1750.txt, week=2166, sec=377123.5797!
2026-01-08 09:23:54,768 - INFO - [GINSLIB] warning: IMU measurement output is zero: G:\Navigation_Learn\GNSS\RTKLIB-b34k\data\GNSS_INS\KVH1750_Vehicle_complex_20210715\KVH1750.txt, week=2166, sec=377124.9297!
2026-01-08 09:23:54,768 - INFO - [GINSLIB] warning: IMU measurement output is zero: G:\Navigation_Learn\GNSS\RTKLIB-b34k\data\GNSS_INS\KVH1750_Vehicle_complex_20210715\KVH1750.txt, week=2166, sec=377128.5397!
2026-01-08 09:23:54,768 - INFO - [GINSLIB] warning: IMU measurement output is zero: G:\Navigation_Learn\GNSS\RTKLIB-b34k\data\GNSS_INS\KVH1750_Vehicle_complex_20210715\KVH1750.txt, week=2166, sec=377136.9047!
2026-01-08 09:23:54,768 - INFO - [GINSLIB] warning: IMU measurement output is zero: G:\Navigation_Learn\GNSS\RTKLIB-b34k\data\GNSS_INS\KVH1750_Vehicle_complex_20210715\KVH1750.txt, week=2166, sec=377168.6397!
2026-01-08 09:23:54,769 - INFO - [GINSLIB] warning: IMU measurement output is zero: G:\Navigation_Learn\GNSS\RTKLIB-b34k\data\GNSS_INS\KVH1750_Vehicle_complex_20210715\KVH1750.txt, week=2166, sec=377170.4797!
2026-01-08 09:23:54,769 - INFO - [GINSLIB] warning: IMU measurement output is zero: G:\Navigation_Learn\GNSS\RTKLIB-b34k\data\GNSS_INS\KVH1750_Vehicle_complex_20210715\KVH1750.txt, week=2166, sec=377182.6247!
2026-01-08 09:23:54,769 - INFO - [GINSLIB] warning: IMU measurement output is zero: G:\Navigation_Learn\GNSS\RTKLIB-b34k\data\GNSS_INS\KVH1750_Vehicle_complex_20210715\KVH1750.txt, week=2166, sec=377189.2347!
2026-01-08 09:23:54,769 - INFO - [GINSLIB] warning: IMU measurement output is zero: G:\Navigation_Learn\GNSS\RTKLIB-b34k\data\GNSS_INS\KVH1750_Vehicle_complex_20210715\KVH1750.txt, week=2166, sec=377214.0997!
2026-01-08 09:23:54,769 - INFO - [GINSLIB] warning: IMU measurement output is zero: G:\Navigation_Learn\GNSS\RTKLIB-b34k\data\GNSS_INS\KVH1750_Vehicle_complex_20210715\KVH1750.txt, week=2166, sec=377221.0197!
2026-01-08 09:23:54,769 - INFO - [GINSLIB] warning: IMU measurement output is zero: G:\Navigation_Learn\GNSS\RTKLIB-b34k\data\GNSS_INS\KVH1750_Vehicle_complex_20210715\KVH1750.txt, week=2166, sec=377222.0947!
2026-01-08 09:23:54,769 - INFO - [GINSLIB] warning: IMU measurement output is zero: G:\Navigation_Learn\GNSS\RTKLIB-b34k\data\GNSS_INS\KVH1750_Vehicle_complex_20210715\KVH1750.txt, week=2166, sec=377224.4247!
2026-01-08 09:23:54,770 - INFO - [GINSLIB] warning: IMU measurement output is zero: G:\Navigation_Learn\GNSS\RTKLIB-b34k\data\GNSS_INS\KVH1750_Vehicle_complex_20210715\KVH1750.txt, week=2166, sec=377226.4597!
2026-01-08 09:23:54,770 - INFO - [GINSLIB] warning: IMU measurement output is zero: G:\Navigation_Learn\GNSS\RTKLIB-b34k\data\GNSS_INS\KVH1750_Vehicle_complex_20210715\KVH1750.txt, week=2166, sec=377226.7947!
2026-01-08 09:23:54,770 - INFO - [GINSLIB] warning: IMU measurement output is zero: G:\Navigation_Learn\GNSS\RTKLIB-b34k\data\GNSS_INS\KVH1750_Vehicle_complex_20210715\KVH1750.txt, week=2166, sec=377227.8697!
2026-01-08 09:23:54,770 - INFO - [GINSLIB] warning: IMU measurement output is zero: G:\Navigation_Learn\GNSS\RTKLIB-b34k\data\GNSS_INS\KVH1750_Vehicle_complex_20210715\KVH1750.txt, week=2166, sec=377229.9697!
2026-01-08 09:23:54,771 - INFO - [GINSLIB] warning: IMU measurement output is zero: G:\Navigation_Learn\GNSS\RTKLIB-b34k\data\GNSS_INS\KVH1750_Vehicle_complex_20210715\KVH1750.txt, week=2166, sec=378242.3797!
2026-01-08 09:23:54,771 - INFO - [GINSLIB] warning: IMU measurement output is zero: G:\Navigation_Learn\GNSS\RTKLIB-b34k\data\GNSS_INS\KVH1750_Vehicle_complex_20210715\KVH1750.txt, week=2166, sec=379547.4897!
2026-01-08 09:23:54,771 - INFO - [GINSLIB] warning: IMU measurement output is zero: G:\Navigation_Learn\GNSS\RTKLIB-b34k\data\GNSS_INS\KVH1750_Vehicle_complex_20210715\KVH1750.txt, week=2166, sec=380262.2747!
2026-01-08 09:23:54,771 - INFO - [GINSLIB] warning: IMU measurement output is zero: G:\Navigation_Learn\GNSS\RTKLIB-b34k\data\GNSS_INS\KVH1750_Vehicle_complex_20210715\KVH1750.txt, week=2166, sec=380872.7497!
2026-01-08 09:23:54,771 - INFO - [GINSLIB] warning: IMU measurement output is zero: G:\Navigation_Learn\GNSS\RTKLIB-b34k\data\GNSS_INS\KVH1750_Vehicle_complex_20210715\KVH1750.txt, week=2166, sec=380919.4147!
2026-01-08 09:23:54,771 - INFO - [GINSLIB] warning: IMU measurement output is zero: G:\Navigation_Learn\GNSS\RTKLIB-b34k\data\GNSS_INS\KVH1750_Vehicle_complex_20210715\KVH1750.txt, week=2166, sec=381103.9897!
2026-01-08 09:23:54,771 - INFO - [GINSLIB] warning: IMU measurement output is zero: G:\Navigation_Learn\GNSS\RTKLIB-b34k\data\GNSS_INS\KVH1750_Vehicle_complex_20210715\KVH1750.txt, week=2166, sec=381612.5647!
2026-01-08 09:23:57,597 - INFO - [GINSLIB] warning: IMU measurement output is zero: G:\Navigation_Learn\GNSS\RTKLIB-b34k\data\GNSS_INS\KVH1750_Vehicle_complex_20210715\KVH1750.txt, week=2166, sec=381613.7797!
2026-01-08 09:23:57,597 - INFO - [GINSLIB] warning: IMU measurement output is zero: G:\Navigation_Learn\GNSS\RTKLIB-b34k\data\GNSS_INS\KVH1750_Vehicle_complex_20210715\KVH1750.txt, week=2166, sec=381671.8697!
2026-01-08 09:23:57,597 - INFO - [GINSLIB] warning: IMU measurement output is zero: G:\Navigation_Learn\GNSS\RTKLIB-b34k\data\GNSS_INS\KVH1750_Vehicle_complex_20210715\KVH1750.txt, week=2166, sec=381673.4397!
2026-01-08 09:23:57,597 - INFO - [GINSLIB] warning: IMU measurement output is zero: G:\Navigation_Learn\GNSS\RTKLIB-b34k\data\GNSS_INS\KVH1750_Vehicle_complex_20210715\KVH1750.txt, week=2166, sec=382053.9097!
2026-01-08 09:23:57,598 - INFO - [GINSLIB] warning: IMU measurement output is zero: G:\Navigation_Learn\GNSS\RTKLIB-b34k\data\GNSS_INS\KVH1750_Vehicle_complex_20210715\KVH1750.txt, week=2166, sec=383340.2297!
2026-01-08 09:23:57,598 - INFO - [GINSLIB] warning: IMU measurement output is zero: G:\Navigation_Learn\GNSS\RTKLIB-b34k\data\GNSS_INS\KVH1750_Vehicle_complex_20210715\KVH1750.txt, week=2166, sec=383363.6597!
2026-01-08 09:23:57,598 - INFO - [GINSLIB] warning: IMU measurement output is zero: G:\Navigation_Learn\GNSS\RTKLIB-b34k\data\GNSS_INS\KVH1750_Vehicle_complex_20210715\KVH1750.txt, week=2166, sec=383721.6347!
2026-01-08 09:23:57,598 - INFO - [GINSLIB] warning: IMU measurement output is zero: G:\Navigation_Learn\GNSS\RTKLIB-b34k\data\GNSS_INS\KVH1750_Vehicle_complex_20210715\KVH1750.txt, week=2166, sec=383722.1247!
2026-01-08 09:23:57,598 - INFO - [GINSLIB] warning: IMU measurement output is zero: G:\Navigation_Learn\GNSS\RTKLIB-b34k\data\GNSS_INS\KVH1750_Vehicle_complex_20210715\KVH1750.txt, week=2166, sec=383722.4447!
2026-01-08 09:23:57,598 - INFO - [GINSLIB] warning: IMU measurement output is zero: G:\Navigation_Learn\GNSS\RTKLIB-b34k\data\GNSS_INS\KVH1750_Vehicle_complex_20210715\KVH1750.txt, week=2166, sec=383730.8297!
2026-01-08 09:23:57,599 - INFO - [GINSLIB] warning: IMU measurement output is zero: G:\Navigation_Learn\GNSS\RTKLIB-b34k\data\GNSS_INS\KVH1750_Vehicle_complex_20210715\KVH1750.txt, week=2166, sec=383767.6197!
2026-01-08 09:23:57,599 - INFO - [GINSLIB] warning: IMU measurement output is zero: G:\Navigation_Learn\GNSS\RTKLIB-b34k\data\GNSS_INS\KVH1750_Vehicle_complex_20210715\KVH1750.txt, week=2166, sec=383769.5847!
2026-01-08 09:23:57,599 - INFO - [GINSLIB] warning: IMU measurement output is zero: G:\Navigation_Learn\GNSS\RTKLIB-b34k\data\GNSS_INS\KVH1750_Vehicle_complex_20210715\KVH1750.txt, week=2166, sec=383771.7147!
2026-01-08 09:23:57,599 - INFO - [GINSLIB] warning: IMU measurement output is zero: G:\Navigation_Learn\GNSS\RTKLIB-b34k\data\GNSS_INS\KVH1750_Vehicle_complex_20210715\KVH1750.txt, week=2166, sec=383771.9197!
2026-01-08 09:23:57,599 - INFO - [GINSLIB] warning: IMU measurement output is zero: G:\Navigation_Learn\GNSS\RTKLIB-b34k\data\GNSS_INS\KVH1750_Vehicle_complex_20210715\KVH1750.txt, week=2166, sec=383776.1547!
2026-01-08 09:23:57,600 - INFO - [GINSLIB] warning: IMU measurement output is zero: G:\Navigation_Learn\GNSS\RTKLIB-b34k\data\GNSS_INS\KVH1750_Vehicle_complex_20210715\KVH1750.txt, week=2166, sec=383776.5097!
2026-01-08 09:23:57,600 - INFO - [GINSLIB] warning: IMU measurement output is zero: G:\Navigation_Learn\GNSS\RTKLIB-b34k\data\GNSS_INS\KVH1750_Vehicle_complex_20210715\KVH1750.txt, week=2166, sec=383776.5447!
2026-01-08 09:23:57,600 - INFO - [GINSLIB] warning: IMU measurement output is zero: G:\Navigation_Learn\GNSS\RTKLIB-b34k\data\GNSS_INS\KVH1750_Vehicle_complex_20210715\KVH1750.txt, week=2166, sec=383807.3947!
2026-01-08 09:23:57,600 - INFO - [GINSLIB] warning: IMU measurement output is zero: G:\Navigation_Learn\GNSS\RTKLIB-b34k\data\GNSS_INS\KVH1750_Vehicle_complex_20210715\KVH1750.txt, week=2166, sec=383838.5047!
2026-01-08 09:23:57,600 - INFO - [GINSLIB] warning: IMU measurement output is zero: G:\Navigation_Learn\GNSS\RTKLIB-b34k\data\GNSS_INS\KVH1750_Vehicle_complex_20210715\KVH1750.txt, week=2166, sec=383841.8597!
2026-01-08 09:23:57,600 - INFO - [GINSLIB] warning: IMU measurement output is zero: G:\Navigation_Learn\GNSS\RTKLIB-b34k\data\GNSS_INS\KVH1750_Vehicle_complex_20210715\KVH1750.txt, week=2166, sec=383842.0647!
2026-01-08 09:23:57,600 - INFO - [GINSLIB] warning: IMU measurement output is zero: G:\Navigation_Learn\GNSS\RTKLIB-b34k\data\GNSS_INS\KVH1750_Vehicle_complex_20210715\KVH1750.txt, week=2166, sec=383842.5497!
2026-01-08 09:23:57,600 - INFO - [GINSLIB] warning: IMU measurement output is zero: G:\Navigation_Learn\GNSS\RTKLIB-b34k\data\GNSS_INS\KVH1750_Vehicle_complex_20210715\KVH1750.txt, week=2166, sec=383847.9997!
2026-01-08 09:23:57,600 - INFO - [GINSLIB] warning: IMU measurement output is zero: G:\Navigation_Learn\GNSS\RTKLIB-b34k\data\GNSS_INS\KVH1750_Vehicle_complex_20210715\KVH1750.txt, week=2166, sec=383852.0797!
2026-01-08 09:23:57,600 - INFO - [GINSLIB] warning: IMU measurement output is zero: G:\Navigation_Learn\GNSS\RTKLIB-b34k\data\GNSS_INS\KVH1750_Vehicle_complex_20210715\KVH1750.txt, week=2166, sec=383852.5147!
2026-01-08 09:23:57,666 - INFO - [GINSLIB] warning: IMU measurement output is zero: G:\Navigation_Learn\GNSS\RTKLIB-b34k\data\GNSS_INS\KVH1750_Vehicle_complex_20210715\KVH1750.txt, week=2166, sec=383859.4747!
2026-01-08 09:23:57,666 - INFO - [GINSLIB] warning: IMU measurement output is zero: G:\Navigation_Learn\GNSS\RTKLIB-b34k\data\GNSS_INS\KVH1750_Vehicle_complex_20210715\KVH1750.txt, week=2166, sec=383865.0347!
2026-01-08 09:23:57,667 - INFO - [GINSLIB] warning: IMU measurement output is zero: G:\Navigation_Learn\GNSS\RTKLIB-b34k\data\GNSS_INS\KVH1750_Vehicle_complex_20210715\KVH1750.txt, week=2166, sec=383866.8897!
2026-01-08 09:23:57,667 - INFO - [GINSLIB] warning: IMU measurement output is zero: G:\Navigation_Learn\GNSS\RTKLIB-b34k\data\GNSS_INS\KVH1750_Vehicle_complex_20210715\KVH1750.txt, week=2166, sec=383866.9897!
2026-01-08 09:23:57,667 - INFO - [GINSLIB] warning: IMU measurement output is zero: G:\Navigation_Learn\GNSS\RTKLIB-b34k\data\GNSS_INS\KVH1750_Vehicle_complex_20210715\KVH1750.txt, week=2166, sec=383871.0447!
2026-01-08 09:23:57,667 - INFO - [GINSLIB] warning: IMU measurement output is zero: G:\Navigation_Learn\GNSS\RTKLIB-b34k\data\GNSS_INS\KVH1750_Vehicle_complex_20210715\KVH1750.txt, week=2166, sec=383873.4297!
2026-01-08 09:23:57,667 - INFO - [GINSLIB] warning: IMU measurement output is zero: G:\Navigation_Learn\GNSS\RTKLIB-b34k\data\GNSS_INS\KVH1750_Vehicle_complex_20210715\KVH1750.txt, week=2166, sec=383873.6747!
2026-01-08 09:23:57,667 - INFO - [GINSLIB] no station position: 842 G:\Navigation_Learn\GNSS\RTKLIB-b34k\data\GNSS_INS\KVH1750_Vehicle_complex_20210715\.\products\stations.pos
2026-01-08 09:23:57,667 - INFO - [GINSLIB] error : no position of 842 in G:\Navigation_Learn\GNSS\RTKLIB-b34k\data\GNSS_INS\KVH1750_Vehicle_complex_20210715\.\products\stations.pos
2026-01-08 09:23:57,667 - INFO - [GINSLIB] Total processing time of program: 15.133000 sec!
2026-01-08 09:23:57,689 - INFO - ✓ KVH1750_Vehicle_complex_20210715 PPD TC 执行成功
2026-01-08 09:23:57,689 - WARNING - 结果文件不存在，跳过误差分析: G:\Navigation_Learn\GNSS\RTKLIB-b34k\data\GNSS_INS\KVH1750_Vehicle_complex_20210715\result\KVH1750_Vehicle_complex_20210715_PPD_F_TC.pos
2026-01-08 09:23:57,689 - WARNING - 没有误差统计结果需要保存
2026-01-08 09:23:57,690 - INFO - 41 个批处理任务结束。
2026-01-08 09:23:57,690 - INFO - 总共耗费时间: 36.83 秒 (0.61 分钟)
2026-01-08 09:23:57,690 - INFO - 日志文件保存路径: G:\Navigation_Learn\GNSS\RTKLIB-b34k\batch_process\log\batch_process_20260108_092320.log
